// Jest Snapshot v1, https://goo.gl/fbAQLP

exports[`<Loading /> Renders the <Loading /> 1`] = `
<div
  class="sc-bdnylx hVtCCA"
  data-testid="loading"
>
  <img
    class="sc-gtssRu dbobBa"
    data-testid="loading-picture"
    src="/images/users//images/karl.png.png"
  />
</div>
`;
